Command line invocation:
    /Applications/Xcode.app/Contents/Developer/usr/bin/xcodebuild -project FutureEcho.xcodeproj -scheme FutureEcho -destination "platform=iOS Simulator,id=93FD8455-C95F-4F7F-ABB3-0EA67A6E43EA" -derivedDataPath /tmp/future-echo-ui-derived CODE_SIGNING_ALLOWED=NO "-only-testing:FutureEchoUITests/BaselineUITests/testPromisePauseWaitRevisitTrailAndDeletionSurviveRelaunch" test

Build settings from command line:
    CODE_SIGNING_ALLOWED = NO

ComputePackagePrebuildTargetDependencyGraph

Prepare packages

CreateBuildRequest

SendProjectDescription

CreateBuildOperation

ComputeTargetDependencyGraph
note: Building targets in dependency order
note: Target dependency graph (3 targets)
    Target 'FutureEchoUITests' in project 'FutureEcho'
        ➜ Explicit dependency on target 'FutureEcho' in project 'FutureEcho'
    Target 'FutureEchoTests' in project 'FutureEcho'
        ➜ Explicit dependency on target 'FutureEcho' in project 'FutureEcho'
    Target 'FutureEcho' in project 'FutureEcho' (no dependencies)

GatherProvisioningInputs

CreateBuildDescription

ClangStatCache /Applications/Xcode.app/Contents/Developer/Toolchains/XcodeDefault.xctoolchain/usr/bin/clang-stat-cache /Applications/Xcode.app/Contents/Developer/Platforms/iPhoneSimulator.platform/Developer/SDKs/iPhoneSimulator26.5.sdk /tmp/future-echo-ui-derived/SDKStatCaches.noindex/iphonesimulator26.5-23F81a-6cfe768891a92b912361537c460fe42b.sdkstatcache
    cd /Users/wangrenzhu/work/future-echo-ios/FutureEcho.xcodeproj
    /Applications/Xcode.app/Contents/Developer/Toolchains/XcodeDefault.xctoolchain/usr/bin/clang-stat-cache /Applications/Xcode.app/Contents/Developer/Platforms/iPhoneSimulator.platform/Developer/SDKs/iPhoneSimulator26.5.sdk -o /tmp/future-echo-ui-derived/SDKStatCaches.noindex/iphonesimulator26.5-23F81a-6cfe768891a92b912361537c460fe42b.sdkstatcache

SwiftDriver FutureEchoUITests normal arm64 com.apple.xcode.tools.swift.compiler (in target 'FutureEchoUITests' from project 'FutureEcho')
    cd /Users/wangrenzhu/work/future-echo-ios
    builtin-SwiftDriver -- /Applications/Xcode.app/Contents/Developer/Toolchains/XcodeDefault.xctoolchain/usr/bin/swiftc -module-name FutureEchoUITests -Onone @/tmp/future-echo-ui-derived/Build/Intermediates.noindex/FutureEcho.build/Debug-iphonesimulator/FutureEchoUITests.build/Objects-normal/arm64/FutureEchoUITests.SwiftFileList -DDEBUG -module-alias Testing\=_Testing_Unavailable -plugin-path /Applications/Xcode.app/Contents/Developer/Toolchains/XcodeDefault.xctoolchain/usr/lib/swift/host/plugins/testing -enable-bare-slash-regex -enable-experimental-feature DebugDescriptionMacro -sdk /Applications/Xcode.app/Contents/Developer/Platforms/iPhoneSimulator.platform/Developer/SDKs/iPhoneSimulator26.5.sdk -target arm64-apple-ios14.0-simulator -g -module-cache-path /tmp/future-echo-ui-derived/ModuleCache.noindex -Xfrontend -serialize-debugging-options -enable-testing -index-store-path /tmp/future-echo-ui-derived/Index.noindex/DataStore -Xcc -D_LIBCPP_HARDENING_MODE\=_LIBCPP_HARDENING_MODE_DEBUG -swift-version 5 -I /tmp/future-echo-ui-derived/Build/Products/Debug-iphonesimulator -Isystem /Applications/Xcode.app/Contents/Developer/Platforms/iPhoneSimulator.platform/Developer/usr/lib -F /tmp/future-echo-ui-derived/Build/Products/Debug-iphonesimulator -F /Applications/Xcode.app/Contents/Developer/Platforms/iPhoneSimulator.platform/Developer/Library/Frameworks -F /Applications/Xcode.app/Contents/Developer/Platforms/iPhoneSimulator.platform/Developer/SDKs/iPhoneSimulator26.5.sdk/Developer/Library/Frameworks -parse-as-library -c -j10 -enable-batch-mode -incremental -Xcc -ivfsstatcache -Xcc /tmp/future-echo-ui-derived/SDKStatCaches.noindex/iphonesimulator26.5-23F81a-6cfe768891a92b912361537c460fe42b.sdkstatcache -output-file-map /tmp/future-echo-ui-derived/Build/Intermediates.noindex/FutureEcho.build/Debug-iphonesimulator/FutureEchoUITests.build/Objects-normal/arm64/FutureEchoUITests-OutputFileMap.json -use-frontend-parseable-output -save-temps -no-color-diagnostics -explicit-module-build -module-cache-path /tmp/future-echo-ui-derived/Build/Intermediates.noindex/SwiftExplicitPrecompiledModules -clang-scanner-module-cache-path /tmp/future-echo-ui-derived/ModuleCache.noindex -sdk-module-cache-path /tmp/future-echo-ui-derived/ModuleCache.noindex -serialize-diagnostics -emit-dependencies -emit-module -emit-module-path /tmp/future-echo-ui-derived/Build/Intermediates.noindex/FutureEcho.build/Debug-iphonesimulator/FutureEchoUITests.build/Objects-normal/arm64/FutureEchoUITests.swiftmodule -validate-clang-modules-once -clang-build-session-file /tmp/future-echo-ui-derived/ModuleCache.noindex/Session.modulevalidation -Xcc -I/tmp/future-echo-ui-derived/Build/Intermediates.noindex/FutureEcho.build/Debug-iphonesimulator/FutureEchoUITests.build/swift-overrides.hmap -emit-const-values -Xfrontend -const-gather-protocols-file -Xfrontend /tmp/future-echo-ui-derived/Build/Intermediates.noindex/FutureEcho.build/Debug-iphonesimulator/FutureEchoUITests.build/Objects-normal/arm64/FutureEchoUITests_const_extract_protocols.json -Xcc -iquote -Xcc /tmp/future-echo-ui-derived/Build/Intermediates.noindex/FutureEcho.build/Debug-iphonesimulator/FutureEchoUITests.build/FutureEchoUITests-generated-files.hmap -Xcc -I/tmp/future-echo-ui-derived/Build/Intermediates.noindex/FutureEcho.build/Debug-iphonesimulator/FutureEchoUITests.build/FutureEchoUITests-own-target-headers.hmap -Xcc -I/tmp/future-echo-ui-derived/Build/Intermediates.noindex/FutureEcho.build/Debug-iphonesimulator/FutureEchoUITests.build/FutureEchoUITests-all-target-headers.hmap -Xcc -iquote -Xcc /tmp/future-echo-ui-derived/Build/Intermediates.noindex/FutureEcho.build/Debug-iphonesimulator/FutureEchoUITests.build/FutureEchoUITests-project-headers.hmap -Xcc -I/tmp/future-echo-ui-derived/Build/Products/Debug-iphonesimulator/include -Xcc -I/tmp/future-echo-ui-derived/Build/Intermediates.noindex/FutureEcho.build/Debug-iphonesimulator/FutureEchoUITests.build/DerivedSources-normal/arm64 -Xcc -I/tmp/future-echo-ui-derived/Build/Intermediates.noindex/FutureEcho.build/Debug-iphonesimulator/FutureEchoUITests.build/DerivedSources/arm64 -Xcc -I/tmp/future-echo-ui-derived/Build/Intermediates.noindex/FutureEcho.build/Debug-iphonesimulator/FutureEchoUITests.build/DerivedSources -Xcc -DDEBUG\=1 -emit-objc-header -emit-objc-header-path /tmp/future-echo-ui-derived/Build/Intermediates.noindex/FutureEcho.build/Debug-iphonesimulator/FutureEchoUITests.build/Objects-normal/arm64/FutureEchoUITests-Swift.h -working-directory /Users/wangrenzhu/work/future-echo-ios -experimental-emit-module-separately -disable-cmo

SwiftEmitModule normal arm64 Emitting\ module\ for\ FutureEchoUITests (in target 'FutureEchoUITests' from project 'FutureEcho')

SwiftCompile normal arm64 /Users/wangrenzhu/work/future-echo-ios/FutureEchoUITests/BaselineUITests.swift (in target 'FutureEchoUITests' from project 'FutureEcho')
    cd /Users/wangrenzhu/work/future-echo-ios


SwiftCompile normal arm64 Compiling\ BaselineUITests.swift /Users/wangrenzhu/work/future-echo-ios/FutureEchoUITests/BaselineUITests.swift (in target 'FutureEchoUITests' from project 'FutureEcho')
SwiftCompile normal arm64 /Users/wangrenzhu/work/future-echo-ios/FutureEchoUITests/BaselineUITests.swift (in target 'FutureEchoUITests' from project 'FutureEcho')
    cd /Users/wangrenzhu/work/future-echo-ios


SwiftDriverJobDiscovery normal arm64 Emitting module for FutureEchoUITests (in target 'FutureEchoUITests' from project 'FutureEcho')

SwiftDriver\ Compilation\ Requirements FutureEchoUITests normal arm64 com.apple.xcode.tools.swift.compiler (in target 'FutureEchoUITests' from project 'FutureEcho')
    cd /Users/wangrenzhu/work/future-echo-ios
    builtin-Swift-Compilation-Requirements -- /Applications/Xcode.app/Contents/Developer/Toolchains/XcodeDefault.xctoolchain/usr/bin/swiftc -module-name FutureEchoUITests -Onone @/tmp/future-echo-ui-derived/Build/Intermediates.noindex/FutureEcho.build/Debug-iphonesimulator/FutureEchoUITests.build/Objects-normal/arm64/FutureEchoUITests.SwiftFileList -DDEBUG -module-alias Testing\=_Testing_Unavailable -plugin-path /Applications/Xcode.app/Contents/Developer/Toolchains/XcodeDefault.xctoolchain/usr/lib/swift/host/plugins/testing -enable-bare-slash-regex -enable-experimental-feature DebugDescriptionMacro -sdk /Applications/Xcode.app/Contents/Developer/Platforms/iPhoneSimulator.platform/Developer/SDKs/iPhoneSimulator26.5.sdk -target arm64-apple-ios14.0-simulator -g -module-cache-path /tmp/future-echo-ui-derived/ModuleCache.noindex -Xfrontend -serialize-debugging-options -enable-testing -index-store-path /tmp/future-echo-ui-derived/Index.noindex/DataStore -Xcc -D_LIBCPP_HARDENING_MODE\=_LIBCPP_HARDENING_MODE_DEBUG -swift-version 5 -I /tmp/future-echo-ui-derived/Build/Products/Debug-iphonesimulator -Isystem /Applications/Xcode.app/Contents/Developer/Platforms/iPhoneSimulator.platform/Developer/usr/lib -F /tmp/future-echo-ui-derived/Build/Products/Debug-iphonesimulator -F /Applications/Xcode.app/Contents/Developer/Platforms/iPhoneSimulator.platform/Developer/Library/Frameworks -F /Applications/Xcode.app/Contents/Developer/Platforms/iPhoneSimulator.platform/Developer/SDKs/iPhoneSimulator26.5.sdk/Developer/Library/Frameworks -parse-as-library -c -j10 -enable-batch-mode -incremental -Xcc -ivfsstatcache -Xcc /tmp/future-echo-ui-derived/SDKStatCaches.noindex/iphonesimulator26.5-23F81a-6cfe768891a92b912361537c460fe42b.sdkstatcache -output-file-map /tmp/future-echo-ui-derived/Build/Intermediates.noindex/FutureEcho.build/Debug-iphonesimulator/FutureEchoUITests.build/Objects-normal/arm64/FutureEchoUITests-OutputFileMap.json -use-frontend-parseable-output -save-temps -no-color-diagnostics -explicit-module-build -module-cache-path /tmp/future-echo-ui-derived/Build/Intermediates.noindex/SwiftExplicitPrecompiledModules -clang-scanner-module-cache-path /tmp/future-echo-ui-derived/ModuleCache.noindex -sdk-module-cache-path /tmp/future-echo-ui-derived/ModuleCache.noindex -serialize-diagnostics -emit-dependencies -emit-module -emit-module-path /tmp/future-echo-ui-derived/Build/Intermediates.noindex/FutureEcho.build/Debug-iphonesimulator/FutureEchoUITests.build/Objects-normal/arm64/FutureEchoUITests.swiftmodule -validate-clang-modules-once -clang-build-session-file /tmp/future-echo-ui-derived/ModuleCache.noindex/Session.modulevalidation -Xcc -I/tmp/future-echo-ui-derived/Build/Intermediates.noindex/FutureEcho.build/Debug-iphonesimulator/FutureEchoUITests.build/swift-overrides.hmap -emit-const-values -Xfrontend -const-gather-protocols-file -Xfrontend /tmp/future-echo-ui-derived/Build/Intermediates.noindex/FutureEcho.build/Debug-iphonesimulator/FutureEchoUITests.build/Objects-normal/arm64/FutureEchoUITests_const_extract_protocols.json -Xcc -iquote -Xcc /tmp/future-echo-ui-derived/Build/Intermediates.noindex/FutureEcho.build/Debug-iphonesimulator/FutureEchoUITests.build/FutureEchoUITests-generated-files.hmap -Xcc -I/tmp/future-echo-ui-derived/Build/Intermediates.noindex/FutureEcho.build/Debug-iphonesimulator/FutureEchoUITests.build/FutureEchoUITests-own-target-headers.hmap -Xcc -I/tmp/future-echo-ui-derived/Build/Intermediates.noindex/FutureEcho.build/Debug-iphonesimulator/FutureEchoUITests.build/FutureEchoUITests-all-target-headers.hmap -Xcc -iquote -Xcc /tmp/future-echo-ui-derived/Build/Intermediates.noindex/FutureEcho.build/Debug-iphonesimulator/FutureEchoUITests.build/FutureEchoUITests-project-headers.hmap -Xcc -I/tmp/future-echo-ui-derived/Build/Products/Debug-iphonesimulator/include -Xcc -I/tmp/future-echo-ui-derived/Build/Intermediates.noindex/FutureEcho.build/Debug-iphonesimulator/FutureEchoUITests.build/DerivedSources-normal/arm64 -Xcc -I/tmp/future-echo-ui-derived/Build/Intermediates.noindex/FutureEcho.build/Debug-iphonesimulator/FutureEchoUITests.build/DerivedSources/arm64 -Xcc -I/tmp/future-echo-ui-derived/Build/Intermediates.noindex/FutureEcho.build/Debug-iphonesimulator/FutureEchoUITests.build/DerivedSources -Xcc -DDEBUG\=1 -emit-objc-header -emit-objc-header-path /tmp/future-echo-ui-derived/Build/Intermediates.noindex/FutureEcho.build/Debug-iphonesimulator/FutureEchoUITests.build/Objects-normal/arm64/FutureEchoUITests-Swift.h -working-directory /Users/wangrenzhu/work/future-echo-ios -experimental-emit-module-separately -disable-cmo

Copy /tmp/future-echo-ui-derived/Build/Products/Debug-iphonesimulator/FutureEchoUITests.swiftmodule/Project/arm64-apple-ios-simulator.swiftsourceinfo /tmp/future-echo-ui-derived/Build/Intermediates.noindex/FutureEcho.build/Debug-iphonesimulator/FutureEchoUITests.build/Objects-normal/arm64/FutureEchoUITests.swiftsourceinfo (in target 'FutureEchoUITests' from project 'FutureEcho')
    cd /Users/wangrenzhu/work/future-echo-ios
    builtin-copy -exclude .DS_Store -exclude CVS -exclude .svn -exclude .git -exclude .hg -resolve-src-symlinks -rename /tmp/future-echo-ui-derived/Build/Intermediates.noindex/FutureEcho.build/Debug-iphonesimulator/FutureEchoUITests.build/Objects-normal/arm64/FutureEchoUITests.swiftsourceinfo /tmp/future-echo-ui-derived/Build/Products/Debug-iphonesimulator/FutureEchoUITests.swiftmodule/Project/arm64-apple-ios-simulator.swiftsourceinfo

Copy /tmp/future-echo-ui-derived/Build/Products/Debug-iphonesimulator/FutureEchoUITests.swiftmodule/arm64-apple-ios-simulator.abi.json /tmp/future-echo-ui-derived/Build/Intermediates.noindex/FutureEcho.build/Debug-iphonesimulator/FutureEchoUITests.build/Objects-normal/arm64/FutureEchoUITests.abi.json (in target 'FutureEchoUITests' from project 'FutureEcho')
    cd /Users/wangrenzhu/work/future-echo-ios
    builtin-copy -exclude .DS_Store -exclude CVS -exclude .svn -exclude .git -exclude .hg -resolve-src-symlinks -rename /tmp/future-echo-ui-derived/Build/Intermediates.noindex/FutureEcho.build/Debug-iphonesimulator/FutureEchoUITests.build/Objects-normal/arm64/FutureEchoUITests.abi.json /tmp/future-echo-ui-derived/Build/Products/Debug-iphonesimulator/FutureEchoUITests.swiftmodule/arm64-apple-ios-simulator.abi.json

SwiftDriverJobDiscovery normal arm64 Compiling BaselineUITests.swift (in target 'FutureEchoUITests' from project 'FutureEcho')

SwiftDriver\ Compilation FutureEchoUITests normal arm64 com.apple.xcode.tools.swift.compiler (in target 'FutureEchoUITests' from project 'FutureEcho')
    cd /Users/wangrenzhu/work/future-echo-ios
    builtin-Swift-Compilation -- /Applications/Xcode.app/Contents/Developer/Toolchains/XcodeDefault.xctoolchain/usr/bin/swiftc -module-name FutureEchoUITests -Onone @/tmp/future-echo-ui-derived/Build/Intermediates.noindex/FutureEcho.build/Debug-iphonesimulator/FutureEchoUITests.build/Objects-normal/arm64/FutureEchoUITests.SwiftFileList -DDEBUG -module-alias Testing\=_Testing_Unavailable -plugin-path /Applications/Xcode.app/Contents/Developer/Toolchains/XcodeDefault.xctoolchain/usr/lib/swift/host/plugins/testing -enable-bare-slash-regex -enable-experimental-feature DebugDescriptionMacro -sdk /Applications/Xcode.app/Contents/Developer/Platforms/iPhoneSimulator.platform/Developer/SDKs/iPhoneSimulator26.5.sdk -target arm64-apple-ios14.0-simulator -g -module-cache-path /tmp/future-echo-ui-derived/ModuleCache.noindex -Xfrontend -serialize-debugging-options -enable-testing -index-store-path /tmp/future-echo-ui-derived/Index.noindex/DataStore -Xcc -D_LIBCPP_HARDENING_MODE\=_LIBCPP_HARDENING_MODE_DEBUG -swift-version 5 -I /tmp/future-echo-ui-derived/Build/Products/Debug-iphonesimulator -Isystem /Applications/Xcode.app/Contents/Developer/Platforms/iPhoneSimulator.platform/Developer/usr/lib -F /tmp/future-echo-ui-derived/Build/Products/Debug-iphonesimulator -F /Applications/Xcode.app/Contents/Developer/Platforms/iPhoneSimulator.platform/Developer/Library/Frameworks -F /Applications/Xcode.app/Contents/Developer/Platforms/iPhoneSimulator.platform/Developer/SDKs/iPhoneSimulator26.5.sdk/Developer/Library/Frameworks -parse-as-library -c -j10 -enable-batch-mode -incremental -Xcc -ivfsstatcache -Xcc /tmp/future-echo-ui-derived/SDKStatCaches.noindex/iphonesimulator26.5-23F81a-6cfe768891a92b912361537c460fe42b.sdkstatcache -output-file-map /tmp/future-echo-ui-derived/Build/Intermediates.noindex/FutureEcho.build/Debug-iphonesimulator/FutureEchoUITests.build/Objects-normal/arm64/FutureEchoUITests-OutputFileMap.json -use-frontend-parseable-output -save-temps -no-color-diagnostics -explicit-module-build -module-cache-path /tmp/future-echo-ui-derived/Build/Intermediates.noindex/SwiftExplicitPrecompiledModules -clang-scanner-module-cache-path /tmp/future-echo-ui-derived/ModuleCache.noindex -sdk-module-cache-path /tmp/future-echo-ui-derived/ModuleCache.noindex -serialize-diagnostics -emit-dependencies -emit-module -emit-module-path /tmp/future-echo-ui-derived/Build/Intermediates.noindex/FutureEcho.build/Debug-iphonesimulator/FutureEchoUITests.build/Objects-normal/arm64/FutureEchoUITests.swiftmodule -validate-clang-modules-once -clang-build-session-file /tmp/future-echo-ui-derived/ModuleCache.noindex/Session.modulevalidation -Xcc -I/tmp/future-echo-ui-derived/Build/Intermediates.noindex/FutureEcho.build/Debug-iphonesimulator/FutureEchoUITests.build/swift-overrides.hmap -emit-const-values -Xfrontend -const-gather-protocols-file -Xfrontend /tmp/future-echo-ui-derived/Build/Intermediates.noindex/FutureEcho.build/Debug-iphonesimulator/FutureEchoUITests.build/Objects-normal/arm64/FutureEchoUITests_const_extract_protocols.json -Xcc -iquote -Xcc /tmp/future-echo-ui-derived/Build/Intermediates.noindex/FutureEcho.build/Debug-iphonesimulator/FutureEchoUITests.build/FutureEchoUITests-generated-files.hmap -Xcc -I/tmp/future-echo-ui-derived/Build/Intermediates.noindex/FutureEcho.build/Debug-iphonesimulator/FutureEchoUITests.build/FutureEchoUITests-own-target-headers.hmap -Xcc -I/tmp/future-echo-ui-derived/Build/Intermediates.noindex/FutureEcho.build/Debug-iphonesimulator/FutureEchoUITests.build/FutureEchoUITests-all-target-headers.hmap -Xcc -iquote -Xcc /tmp/future-echo-ui-derived/Build/Intermediates.noindex/FutureEcho.build/Debug-iphonesimulator/FutureEchoUITests.build/FutureEchoUITests-project-headers.hmap -Xcc -I/tmp/future-echo-ui-derived/Build/Products/Debug-iphonesimulator/include -Xcc -I/tmp/future-echo-ui-derived/Build/Intermediates.noindex/FutureEcho.build/Debug-iphonesimulator/FutureEchoUITests.build/DerivedSources-normal/arm64 -Xcc -I/tmp/future-echo-ui-derived/Build/Intermediates.noindex/FutureEcho.build/Debug-iphonesimulator/FutureEchoUITests.build/DerivedSources/arm64 -Xcc -I/tmp/future-echo-ui-derived/Build/Intermediates.noindex/FutureEcho.build/Debug-iphonesimulator/FutureEchoUITests.build/DerivedSources -Xcc -DDEBUG\=1 -emit-objc-header -emit-objc-header-path /tmp/future-echo-ui-derived/Build/Intermediates.noindex/FutureEcho.build/Debug-iphonesimulator/FutureEchoUITests.build/Objects-normal/arm64/FutureEchoUITests-Swift.h -working-directory /Users/wangrenzhu/work/future-echo-ios -experimental-emit-module-separately -disable-cmo

Ld /tmp/future-echo-ui-derived/Build/Products/Debug-iphonesimulator/FutureEchoUITests-Runner.app/PlugIns/FutureEchoUITests.xctest/FutureEchoUITests normal (in target 'FutureEchoUITests' from project 'FutureEcho')
    cd /Users/wangrenzhu/work/future-echo-ios
    /Applications/Xcode.app/Contents/Developer/Toolchains/XcodeDefault.xctoolchain/usr/bin/clang -Xlinker -reproducible -target arm64-apple-ios14.0-simulator -bundle -isysroot /Applications/Xcode.app/Contents/Developer/Platforms/iPhoneSimulator.platform/Developer/SDKs/iPhoneSimulator26.5.sdk -O0 -L/tmp/future-echo-ui-derived/Build/Intermediates.noindex/EagerLinkingTBDs/Debug-iphonesimulator -L/tmp/future-echo-ui-derived/Build/Products/Debug-iphonesimulator -L/Applications/Xcode.app/Contents/Developer/Platforms/iPhoneSimulator.platform/Developer/usr/lib -F/tmp/future-echo-ui-derived/Build/Intermediates.noindex/EagerLinkingTBDs/Debug-iphonesimulator -F/tmp/future-echo-ui-derived/Build/Products/Debug-iphonesimulator -iframework /Applications/Xcode.app/Contents/Developer/Platforms/iPhoneSimulator.platform/Developer/Library/Frameworks -iframework /Applications/Xcode.app/Contents/Developer/Platforms/iPhoneSimulator.platform/Developer/SDKs/iPhoneSimulator26.5.sdk/Developer/Library/Frameworks -filelist /tmp/future-echo-ui-derived/Build/Intermediates.noindex/FutureEcho.build/Debug-iphonesimulator/FutureEchoUITests.build/Objects-normal/arm64/FutureEchoUITests.LinkFileList -Xlinker -rpath -Xlinker /usr/lib/swift -Xlinker -rpath -Xlinker @loader_path/Frameworks -Xlinker -dead_strip -Xlinker -object_path_lto -Xlinker /tmp/future-echo-ui-derived/Build/Intermediates.noindex/FutureEcho.build/Debug-iphonesimulator/FutureEchoUITests.build/Objects-normal/arm64/FutureEchoUITests_lto.o -rdynamic -Xlinker -no_deduplicate -Xlinker -objc_abi_version -Xlinker 2 -Xlinker -dependency_info -Xlinker /tmp/future-echo-ui-derived/Build/Intermediates.noindex/FutureEcho.build/Debug-iphonesimulator/FutureEchoUITests.build/Objects-normal/arm64/FutureEchoUITests_dependency_info.dat -fobjc-link-runtime -L/Applications/Xcode.app/Contents/Developer/Toolchains/XcodeDefault.xctoolchain/usr/lib/swift/iphonesimulator -L/usr/lib/swift -Xlinker -add_ast_path -Xlinker /tmp/future-echo-ui-derived/Build/Intermediates.noindex/FutureEcho.build/Debug-iphonesimulator/FutureEchoUITests.build/Objects-normal/arm64/FutureEchoUITests.swiftmodule @/tmp/future-echo-ui-derived/Build/Intermediates.noindex/FutureEcho.build/Debug-iphonesimulator/FutureEchoUITests.build/Objects-normal/arm64/FutureEchoUITests-linker-args.resp -Xlinker -needed_framework -Xlinker XCTest -framework XCTest -Xlinker -needed-lXCTestSwiftSupport -lXCTestSwiftSupport -framework Foundation -o /tmp/future-echo-ui-derived/Build/Products/Debug-iphonesimulator/FutureEchoUITests-Runner.app/PlugIns/FutureEchoUITests.xctest/FutureEchoUITests

CopySwiftLibs /tmp/future-echo-ui-derived/Build/Products/Debug-iphonesimulator/FutureEchoUITests-Runner.app/PlugIns/FutureEchoUITests.xctest (in target 'FutureEchoUITests' from project 'FutureEcho')
    cd /Users/wangrenzhu/work/future-echo-ios
    builtin-swiftStdLibTool --copy --verbose --scan-executable /tmp/future-echo-ui-derived/Build/Products/Debug-iphonesimulator/FutureEchoUITests-Runner.app/PlugIns/FutureEchoUITests.xctest/FutureEchoUITests --scan-folder /tmp/future-echo-ui-derived/Build/Products/Debug-iphonesimulator/FutureEchoUITests-Runner.app/PlugIns/FutureEchoUITests.xctest/Frameworks --scan-folder /tmp/future-echo-ui-derived/Build/Products/Debug-iphonesimulator/FutureEchoUITests-Runner.app/PlugIns/FutureEchoUITests.xctest/PlugIns --scan-folder /tmp/future-echo-ui-derived/Build/Products/Debug-iphonesimulator/FutureEchoUITests-Runner.app/PlugIns/FutureEchoUITests.xctest/SystemExtensions --scan-folder /tmp/future-echo-ui-derived/Build/Products/Debug-iphonesimulator/FutureEchoUITests-Runner.app/PlugIns/FutureEchoUITests.xctest/Extensions --scan-folder /Applications/Xcode.app/Contents/Developer/Platforms/iPhoneOS.platform/Developer/SDKs/iPhoneOS26.0.sdk/System/Library/Frameworks/Foundation.framework --platform iphonesimulator --toolchain /Applications/Xcode.app/Contents/Developer/Toolchains/XcodeDefault.xctoolchain --destination /tmp/future-echo-ui-derived/Build/Products/Debug-iphonesimulator/FutureEchoUITests-Runner.app/PlugIns/FutureEchoUITests.xctest/Frameworks --strip-bitcode --scan-executable /Applications/Xcode.app/Contents/Developer/Platforms/iPhoneSimulator.platform/Developer/usr/lib/libXCTestSwiftSupport.dylib --strip-bitcode-tool /Applications/Xcode.app/Contents/Developer/Toolchains/XcodeDefault.xctoolchain/usr/bin/bitcode_strip --emit-dependency-info /tmp/future-echo-ui-derived/Build/Intermediates.noindex/FutureEcho.build/Debug-iphonesimulator/FutureEchoUITests.build/SwiftStdLibToolInputDependencies.dep --filter-for-swift-os
Ignoring --strip-bitcode because --sign was not passed

ExtractAppIntentsMetadata (in target 'FutureEchoUITests' from project 'FutureEcho')
    cd /Users/wangrenzhu/work/future-echo-ios
    /Applications/Xcode.app/Contents/Developer/Toolchains/XcodeDefault.xctoolchain/usr/bin/appintentsmetadataprocessor --toolchain-dir /Applications/Xcode.app/Contents/Developer/Toolchains/XcodeDefault.xctoolchain --module-name FutureEchoUITests --sdk-root /Applications/Xcode.app/Contents/Developer/Platforms/iPhoneSimulator.platform/Developer/SDKs/iPhoneSimulator26.5.sdk --xcode-version 17F113 --platform-family iOS --deployment-target 14.0 --bundle-identifier com.wangrenzhu.futureecho.uitests --output /tmp/future-echo-ui-derived/Build/Products/Debug-iphonesimulator/FutureEchoUITests-Runner.app/PlugIns/FutureEchoUITests.xctest --target-triple arm64-apple-ios14.0-simulator --binary-file /tmp/future-echo-ui-derived/Build/Products/Debug-iphonesimulator/FutureEchoUITests-Runner.app/PlugIns/FutureEchoUITests.xctest/FutureEchoUITests --dependency-file /tmp/future-echo-ui-derived/Build/Intermediates.noindex/FutureEcho.build/Debug-iphonesimulator/FutureEchoUITests.build/Objects-normal/arm64/FutureEchoUITests_dependency_info.dat --stringsdata-file /tmp/future-echo-ui-derived/Build/Intermediates.noindex/FutureEcho.build/Debug-iphonesimulator/FutureEchoUITests.build/Objects-normal/arm64/ExtractedAppShortcutsMetadata.stringsdata --source-file-list /tmp/future-echo-ui-derived/Build/Intermediates.noindex/FutureEcho.build/Debug-iphonesimulator/FutureEchoUITests.build/Objects-normal/arm64/FutureEchoUITests.SwiftFileList --metadata-file-list /tmp/future-echo-ui-derived/Build/Intermediates.noindex/FutureEcho.build/Debug-iphonesimulator/FutureEchoUITests.build/FutureEchoUITests.DependencyMetadataFileList --static-metadata-file-list /tmp/future-echo-ui-derived/Build/Intermediates.noindex/FutureEcho.build/Debug-iphonesimulator/FutureEchoUITests.build/FutureEchoUITests.DependencyStaticMetadataFileList --swift-const-vals-list /tmp/future-echo-ui-derived/Build/Intermediates.noindex/FutureEcho.build/Debug-iphonesimulator/FutureEchoUITests.build/Objects-normal/arm64/FutureEchoUITests.SwiftConstValuesFileList --compile-time-extraction --deployment-aware-processing --validate-assistant-intents --no-app-shortcuts-localization
2026-07-10 21:00:23.161 appintentsmetadataprocessor[16925:332795922] Starting appintentsmetadataprocessor export
2026-07-10 21:00:23.164 appintentsmetadataprocessor[16925:332795922] warning: Metadata extraction skipped. No AppIntents.framework dependency found.

2026-07-10 21:00:24.458731+0800 FutureEchoUITests-Runner[17038:332796197] [Default] Running tests...
    t =      nans Interface orientation changed to Portrait
Test Suite 'Selected tests' started at 2026-07-10 21:00:24.950.
Test Suite 'FutureEchoUITests.xctest' started at 2026-07-10 21:00:24.951.
Test Suite 'BaselineUITests' started at 2026-07-10 21:00:24.951.
Test Case '-[FutureEchoUITests.BaselineUITests testPromisePauseWaitRevisitTrailAndDeletionSurviveRelaunch]' started.
    t =     0.00s Start Test at 2026-07-10 21:00:24.951
    t =     0.02s Set Up
    t =     0.02s Open com.wangrenzhu.futureecho
    t =     0.02s     Launch com.wangrenzhu.futureecho
2026-07-10 21:00:25.021 xcodebuild[16450:332795225] [MT] IDELaunchParametersSnapshot: The operation couldn’t be completed. (DebuggerLLDB.DebuggerVersionStore.StoreError error 0.)
2026-07-10 21:00:25.021 xcodebuild[16450:332795225] [MT] IDELaunchParametersSnapshot: no debugger version
objc[17038]: Class UIAccessibilityLoaderWebShared is implemented in both /Library/Developer/CoreSimulator/Volumes/iOS_23F77/Library/Developer/CoreSimulator/Profiles/Runtimes/iOS 26.5.simruntime/Contents/Resources/RuntimeRoot/System/Library/AccessibilityBundles/WebCore.axbundle/WebCore (0x10a878310) and /Library/Developer/CoreSimulator/Volumes/iOS_23F77/Library/Developer/CoreSimulator/Profiles/Runtimes/iOS 26.5.simruntime/Contents/Resources/RuntimeRoot/System/Library/AccessibilityBundles/WebKit.axbundle/WebKit (0x106f6c398). This may cause spurious casting failures and mysterious crashes. One of the duplicates must be removed or renamed.
    t =     0.69s         Setting up automation session
    t =     1.30s         Wait for com.wangrenzhu.futureecho to idle
    t =     2.64s Waiting 8.0s for "horizon.createPromise" Button to exist
    t =     3.72s     Checking `Expect predicate `existsNoRetry == 1` for object "horizon.createPromise" Button`
    t =     3.72s         Checking existence of `"horizon.createPromise" Button`
    t =     3.79s Tap "horizon.createPromise" Button
    t =     3.79s     Wait for com.wangrenzhu.futureecho to idle
    t =     3.80s     Find the "horizon.createPromise" Button
    t =     3.81s     Check for interrupting elements affecting "horizon.createPromise" Button
    t =     3.82s     Synthesize event
    t =     4.11s     Wait for com.wangrenzhu.futureecho to idle
    t =     4.97s Waiting 5.0s for "field.promise-name" TextField to exist
    t =     6.04s     Checking `Expect predicate `existsNoRetry == 1` for object "field.promise-name" TextField`
    t =     6.04s         Checking existence of `"field.promise-name" TextField`
    t =     6.10s Tap "field.promise-name" TextField
    t =     6.10s     Wait for com.wangrenzhu.futureecho to idle
    t =     6.10s     Find the "field.promise-name" TextField
    t =     6.13s     Check for interrupting elements affecting "field.promise-name" TextField
    t =     6.16s     Synthesize event
    t =     6.45s     Wait for com.wangrenzhu.futureecho to idle
    t =     6.46s Find the "field.promise-name" TextField
    t =     6.52s Find the "field.promise-name" TextField
    t =     6.55s Type 'Emergency Cushion' into "field.promise-name" TextField
    t =     6.55s     Wait for com.wangrenzhu.futureecho to idle
    t =     6.55s     Find the "field.promise-name" TextField
    t =     6.59s     Check for interrupting elements affecting "field.promise-name" TextField
    t =     6.62s     Synthesize event
    t =     7.10s     Wait for com.wangrenzhu.futureecho to idle
    t =     7.45s Waiting 5.0s for "field.goal-amount" TextField to exist
    t =     8.52s     Checking `Expect predicate `existsNoRetry == 1` for object "field.goal-amount" TextField`
    t =     8.52s         Checking existence of `"field.goal-amount" TextField`
    t =     8.59s Tap "field.goal-amount" TextField
    t =     8.59s     Wait for com.wangrenzhu.futureecho to idle
    t =     8.59s     Find the "field.goal-amount" TextField
    t =     8.63s     Check for interrupting elements affecting "field.goal-amount" TextField
    t =     8.66s     Synthesize event
    t =     8.95s     Wait for com.wangrenzhu.futureecho to idle
    t =     9.63s Find the "field.goal-amount" TextField
    t =     9.68s Find the "field.goal-amount" TextField
    t =     9.72s Type '2000' into "field.goal-amount" TextField
    t =     9.72s     Wait for com.wangrenzhu.futureecho to idle
    t =     9.72s     Find the "field.goal-amount" TextField
    t =     9.75s     Check for interrupting elements affecting "field.goal-amount" TextField
    t =     9.77s     Synthesize event
    t =    10.04s     Wait for com.wangrenzhu.futureecho to idle
    t =    10.68s Waiting 5.0s for "field.currently-saved" TextField to exist
    t =    11.75s     Checking `Expect predicate `existsNoRetry == 1` for object "field.currently-saved" TextField`
    t =    11.75s         Checking existence of `"field.currently-saved" TextField`
    t =    11.78s Tap "field.currently-saved" TextField
    t =    11.78s     Wait for com.wangrenzhu.futureecho to idle
    t =    11.78s     Find the "field.currently-saved" TextField
    t =    11.81s     Check for interrupting elements affecting "field.currently-saved" TextField
    t =    11.84s     Synthesize event
    t =    12.13s     Wait for com.wangrenzhu.futureecho to idle
    t =    12.67s Find the "field.currently-saved" TextField
    t =    12.72s Find the "field.currently-saved" TextField
    t =    12.75s Type '640' into "field.currently-saved" TextField
    t =    12.75s     Wait for com.wangrenzhu.futureecho to idle
    t =    12.75s     Find the "field.currently-saved" TextField
    t =    12.78s     Check for interrupting elements affecting "field.currently-saved" TextField
    t =    12.81s     Synthesize event
    t =    13.06s     Wait for com.wangrenzhu.futureecho to idle
    t =    13.68s Waiting 5.0s for "field.planned-deposit-(optional)" TextField to exist
    t =    14.76s     Checking `Expect predicate `existsNoRetry == 1` for object "field.planned-deposit-(optional)" TextField`
    t =    14.77s         Checking existence of `"field.planned-deposit-(optional)" TextField`
    t =    14.82s Tap "field.planned-deposit-(optional)" TextField
    t =    14.82s     Wait for com.wangrenzhu.futureecho to idle
    t =    14.82s     Find the "field.planned-deposit-(optional)" TextField
    t =    14.85s     Check for interrupting elements affecting "field.planned-deposit-(optional)" TextField
    t =    14.88s     Synthesize event
    t =    15.17s     Wait for com.wangrenzhu.futureecho to idle
    t =    15.70s Find the "field.planned-deposit-(optional)" TextField
    t =    15.74s Find the "field.planned-deposit-(optional)" TextField
    t =    15.78s Type '32' into "field.planned-deposit-(optional)" TextField
    t =    15.78s     Wait for com.wangrenzhu.futureecho to idle
    t =    15.79s     Find the "field.planned-deposit-(optional)" TextField
    t =    15.82s     Check for interrupting elements affecting "field.planned-deposit-(optional)" TextField
    t =    15.84s     Synthesize event
    t =    16.08s     Wait for com.wangrenzhu.futureecho to idle
    t =    16.68s Tap "promise.save" Button
    t =    16.68s     Wait for com.wangrenzhu.futureecho to idle
    t =    16.69s     Find the "promise.save" Button
    t =    16.74s     Check for interrupting elements affecting "promise.save" Button
    t =    16.77s     Synthesize event
    t =    16.77s         Scroll element to visible
    t =    16.78s         Find the "promise.save" Button
    t =    16.82s         Computed hit point {201, 520.83332824707031} after scrolling to visible
    t =    17.10s     Wait for com.wangrenzhu.futureecho to idle
    t =    17.70s Waiting 5.0s for "horizon.newEcho" Button to exist
    t =    18.77s     Checking `Expect predicate `existsNoRetry == 1` for object "horizon.newEcho" Button`
    t =    18.77s         Checking existence of `"horizon.newEcho" Button`
    t =    18.81s Terminate com.wangrenzhu.futureecho:17194
    t =    19.89s Open com.wangrenzhu.futureecho
    t =    19.89s     Launch com.wangrenzhu.futureecho
2026-07-10 21:00:44.846 xcodebuild[16450:332795225] [MT] IDELaunchParametersSnapshot: The operation couldn’t be completed. (DebuggerLLDB.DebuggerVersionStore.StoreError error 0.)
2026-07-10 21:00:44.846 xcodebuild[16450:332795225] [MT] IDELaunchParametersSnapshot: no debugger version
    t =    20.11s         Setting up automation session
    t =    20.77s         Wait for com.wangrenzhu.futureecho to idle
    t =    22.08s Waiting 8.0s for "horizon.newEcho" Button to exist
    t =    23.14s     Checking `Expect predicate `existsNoRetry == 1` for object "horizon.newEcho" Button`
    t =    23.14s         Checking existence of `"horizon.newEcho" Button`
    t =    23.21s Tap "horizon.newEcho" Button
    t =    23.21s     Wait for com.wangrenzhu.futureecho to idle
    t =    23.21s     Find the "horizon.newEcho" Button
    t =    23.23s     Check for interrupting elements affecting "horizon.newEcho" Button
    t =    23.24s     Synthesize event
    t =    23.53s     Wait for com.wangrenzhu.futureecho to idle
    t =    24.22s Waiting 5.0s for "echo.amount" TextField to exist
    t =    25.29s     Checking `Expect predicate `existsNoRetry == 1` for object "echo.amount" TextField`
    t =    25.29s         Checking existence of `"echo.amount" TextField`
    t =    25.35s Tap "echo.amount" TextField
    t =    25.35s     Wait for com.wangrenzhu.futureecho to idle
    t =    25.35s     Find the "echo.amount" TextField
    t =    25.38s     Check for interrupting elements affecting "echo.amount" TextField
    t =    25.40s     Synthesize event
    t =    25.69s     Wait for com.wangrenzhu.futureecho to idle
    t =    25.69s Find the "echo.amount" TextField
    t =    25.73s Find the "echo.amount" TextField
    t =    25.76s Type '128' into "echo.amount" TextField
    t =    25.76s     Wait for com.wangrenzhu.futureecho to idle
    t =    25.76s     Find the "echo.amount" TextField
    t =    25.79s     Check for interrupting elements affecting "echo.amount" TextField
    t =    25.82s     Synthesize event
    t =    26.07s     Wait for com.wangrenzhu.futureecho to idle
    t =    26.63s Waiting 5.0s for "field.checkout-note-(optional)" TextField to exist
    t =    27.71s     Checking `Expect predicate `existsNoRetry == 1` for object "field.checkout-note-(optional)" TextField`
    t =    27.71s         Checking existence of `"field.checkout-note-(optional)" TextField`
    t =    27.77s Tap "field.checkout-note-(optional)" TextField
    t =    27.77s     Wait for com.wangrenzhu.futureecho to idle
    t =    27.77s     Find the "field.checkout-note-(optional)" TextField
    t =    27.81s     Check for interrupting elements affecting "field.checkout-note-(optional)" TextField
    t =    27.84s     Synthesize event
    t =    28.13s     Wait for com.wangrenzhu.futureecho to idle
    t =    28.67s Find the "field.checkout-note-(optional)" TextField
    t =    28.73s Find the "field.checkout-note-(optional)" TextField
    t =    28.77s Type 'Shoes after a long...' into "field.checkout-note-(optional)" TextField
    t =    28.77s     Wait for com.wangrenzhu.futureecho to idle
    t =    28.77s     Find the "field.checkout-note-(optional)" TextField
    t =    28.80s     Check for interrupting elements affecting "field.checkout-note-(optional)" TextField
    t =    28.84s     Synthesize event
    t =    29.42s     Wait for com.wangrenzhu.futureecho to idle
    t =    29.65s Waiting 4.0s for "echo.promiseLens" Any to exist
    t =    30.70s     Checking `Expect predicate `existsNoRetry == 1` for object "echo.promiseLens" Any`
    t =    30.71s         Checking existence of `"echo.promiseLens" Any`
    t =    30.77s Tap "echo.enterPause" Button
    t =    30.77s     Wait for com.wangrenzhu.futureecho to idle
    t =    30.77s     Find the "echo.enterPause" Button
    t =    30.81s     Check for interrupting elements affecting "echo.enterPause" Button
    t =    30.85s     Synthesize event
    t =    30.85s         Scroll element to visible
    t =    30.86s         Find the "echo.enterPause" Button
    t =    30.91s         Computed hit point {201, 493.83332824707031} after scrolling to visible
    t =    31.20s     Wait for com.wangrenzhu.futureecho to idle
    t =    31.97s Waiting 4.0s for "pause.countdown" StaticText to exist
    t =    33.04s     Checking `Expect predicate `existsNoRetry == 1` for object "pause.countdown" StaticText`
    t =    33.04s         Checking existence of `"pause.countdown" StaticText`
    t =    33.08s Tap "pause.skip" Button
    t =    33.08s     Wait for com.wangrenzhu.futureecho to idle
    t =    33.08s     Find the "pause.skip" Button
    t =    33.12s     Check for interrupting elements affecting "pause.skip" Button
    t =    33.14s     Synthesize event
    t =    33.43s     Wait for com.wangrenzhu.futureecho to idle
    t =    33.43s Waiting 4.0s for "decision.wait-24-hours" Button to exist
    t =    34.47s     Checking `Expect predicate `existsNoRetry == 1` for object "decision.wait-24-hours" Button`
    t =    34.47s         Checking existence of `"decision.wait-24-hours" Button`
    t =    34.50s Tap "decision.wait-24-hours" Button
    t =    34.50s     Wait for com.wangrenzhu.futureecho to idle
    t =    34.51s     Find the "decision.wait-24-hours" Button
    t =    34.53s     Check for interrupting elements affecting "decision.wait-24-hours" Button
    t =    34.56s     Synthesize event
    t =    34.85s     Wait for com.wangrenzhu.futureecho to idle
    t =    35.22s Terminate com.wangrenzhu.futureecho:20090
    t =    36.31s Open com.wangrenzhu.futureecho
    t =    36.31s     Launch com.wangrenzhu.futureecho
2026-07-10 21:01:01.267 xcodebuild[16450:332795225] [MT] IDELaunchParametersSnapshot: The operation couldn’t be completed. (DebuggerLLDB.DebuggerVersionStore.StoreError error 0.)
2026-07-10 21:01:01.267 xcodebuild[16450:332795225] [MT] IDELaunchParametersSnapshot: no debugger version
    t =    36.52s         Setting up automation session
    t =    37.21s         Wait for com.wangrenzhu.futureecho to idle
    t =    38.52s Tap "Shelf" Button
    t =    38.52s     Wait for com.wangrenzhu.futureecho to idle
    t =    38.52s     Find the "Shelf" Button
    t =    38.59s     Check for interrupting elements affecting "Shelf" Button
    t =    38.60s     Synthesize event
    t =    38.89s     Wait for com.wangrenzhu.futureecho to idle
    t =    40.30s Waiting 8.0s for "shelf.card" Button to exist
    t =    41.36s     Checking `Expect predicate `existsNoRetry == 1` for object "shelf.card" Button`
    t =    41.36s         Checking existence of `"shelf.card" Button`
    t =    41.39s Tap "shelf.card" Button
    t =    41.39s     Wait for com.wangrenzhu.futureecho to idle
    t =    41.39s     Find the "shelf.card" Button
    t =    41.41s     Check for interrupting elements affecting "shelf.card" Button
    t =    41.43s     Synthesize event
    t =    41.72s     Wait for com.wangrenzhu.futureecho to idle
    t =    42.47s Waiting 5.0s for "field.purchase-amount" TextField to exist
    t =    43.52s     Checking `Expect predicate `existsNoRetry == 1` for object "field.purchase-amount" TextField`
    t =    43.53s         Checking existence of `"field.purchase-amount" TextField`
    t =    43.58s Tap "field.purchase-amount" TextField
    t =    43.58s     Wait for com.wangrenzhu.futureecho to idle
    t =    43.59s     Find the "field.purchase-amount" TextField
    t =    43.61s     Check for interrupting elements affecting "field.purchase-amount" TextField
    t =    43.64s     Synthesize event
    t =    43.93s     Wait for com.wangrenzhu.futureecho to idle
    t =    43.93s Find the "field.purchase-amount" TextField
    t =    43.96s Find the "field.purchase-amount" TextField
    t =    43.99s Type '' into "field.purchase-amount" TextField
    t =    43.99s     Wait for com.wangrenzhu.futureecho to idle
    t =    43.99s     Find the "field.purchase-amount" TextField
    t =    44.02s     Check for interrupting elements affecting "field.purchase-amount" TextField
    t =    44.05s     Synthesize event
    t =    44.30s     Wait for com.wangrenzhu.futureecho to idle
    t =    45.03s Type '130' into "field.purchase-amount" TextField
    t =    45.03s     Wait for com.wangrenzhu.futureecho to idle
    t =    45.04s     Find the "field.purchase-amount" TextField
    t =    45.10s     Check for interrupting elements affecting "field.purchase-amount" TextField
    t =    45.13s     Synthesize event
    t =    45.38s     Wait for com.wangrenzhu.futureecho to idle
    t =    45.38s Waiting 5.0s for "field.checkout-note-(optional)" TextField to exist
    t =    46.43s     Checking `Expect predicate `existsNoRetry == 1` for object "field.checkout-note-(optional)" TextField`
    t =    46.43s         Checking existence of `"field.checkout-note-(optional)" TextField`
    t =    46.48s Tap "field.checkout-note-(optional)" TextField
    t =    46.48s     Wait for com.wangrenzhu.futureecho to idle
    t =    46.48s     Find the "field.checkout-note-(optional)" TextField
    t =    46.51s     Check for interrupting elements affecting "field.checkout-note-(optional)" TextField
    t =    46.54s     Synthesize event
    t =    46.83s     Wait for com.wangrenzhu.futureecho to idle
    t =    47.57s Find the "field.checkout-note-(optional)" TextField
    t =    47.62s Find the "field.checkout-note-(optional)" TextField
    t =    47.66s Type '...' into "field.checkout-note-(optional)" TextField
    t =    47.66s     Wait for com.wangrenzhu.futureecho to idle
    t =    47.66s     Find the "field.checkout-note-(optional)" TextField
    t =    47.69s     Check for interrupting elements affecting "field.checkout-note-(optional)" TextField
    t =    47.72s     Synthesize event
    t =    48.31s     Wait for com.wangrenzhu.futureecho to idle
    t =    48.55s Type 'Shoes after a calm...' into "field.checkout-note-(optional)" TextField
    t =    48.55s     Wait for com.wangrenzhu.futureecho to idle
    t =    48.55s     Find the "field.checkout-note-(optional)" TextField
    t =    48.61s     Check for interrupting elements affecting "field.checkout-note-(optional)" TextField
    t =    48.64s     Synthesize event
    t =    49.28s     Wait for com.wangrenzhu.futureecho to idle
    t =    49.28s Tap "cooling.save" Button
    t =    49.28s     Wait for com.wangrenzhu.futureecho to idle
    t =    49.28s     Find the "cooling.save" Button
    t =    49.34s     Check for interrupting elements affecting "cooling.save" Button
    t =    49.37s     Synthesize event
    t =    49.66s     Wait for com.wangrenzhu.futureecho to idle
    t =    49.66s Tap "decision.skip-purchase" Button
    t =    49.66s     Wait for com.wangrenzhu.futureecho to idle
    t =    49.67s     Find the "decision.skip-purchase" Button
    t =    49.71s     Check for interrupting elements affecting "decision.skip-purchase" Button
    t =    49.74s     Synthesize event
    t =    49.75s         Scroll element to visible
    t =    49.75s         Find the "decision.skip-purchase" Button
    t =    49.80s         Computed hit point {201, 374} after scrolling to visible
    t =    50.08s     Wait for com.wangrenzhu.futureecho to idle
    t =    50.80s Tap "Trail" Button
    t =    50.80s     Wait for com.wangrenzhu.futureecho to idle
    t =    50.81s     Find the "Trail" Button
    t =    50.83s     Check for interrupting elements affecting "point.3.connected.trianglepath.dotted" Button
    t =    50.85s     Synthesize event
    t =    51.14s     Wait for com.wangrenzhu.futureecho to idle
    t =    52.58s Waiting 6.0s for "trail.outcome" Button to exist
    t =    53.64s     Checking `Expect predicate `existsNoRetry == 1` for object "trail.outcome" Button`
    t =    53.64s         Checking existence of `"trail.outcome" Button`
    t =    53.67s Tap "trail.outcome" Button
    t =    53.67s     Wait for com.wangrenzhu.futureecho to idle
    t =    53.67s     Find the "trail.outcome" Button
    t =    53.69s     Check for interrupting elements affecting "trail.outcome" Button
    t =    53.71s     Synthesize event
    t =    54.00s     Wait for com.wangrenzhu.futureecho to idle
    t =    54.63s Waiting 5.0s for "field.reflection-(optional)" TextField to exist
    t =    55.70s     Checking `Expect predicate `existsNoRetry == 1` for object "field.reflection-(optional)" TextField`
    t =    55.70s         Checking existence of `"field.reflection-(optional)" TextField`
    t =    55.74s Tap "field.reflection-(optional)" TextField
    t =    55.74s     Wait for com.wangrenzhu.futureecho to idle
    t =    55.74s     Find the "field.reflection-(optional)" TextField
    t =    55.77s     Check for interrupting elements affecting "field.reflection-(optional)" TextField
    t =    55.79s     Synthesize event
    t =    56.08s     Wait for com.wangrenzhu.futureecho to idle
    t =    56.08s Find the "field.reflection-(optional)" TextField
    t =    56.12s Find the "field.reflection-(optional)" TextField
    t =    56.15s Type 'Waiting made the c...' into "field.reflection-(optional)" TextField
    t =    56.15s     Wait for com.wangrenzhu.futureecho to idle
    t =    56.15s     Find the "field.reflection-(optional)" TextField
    t =    56.19s     Check for interrupting elements affecting "field.reflection-(optional)" TextField
    t =    56.21s     Synthesize event
    t =    56.95s     Wait for com.wangrenzhu.futureecho to idle
    t =    57.05s Tap "outcome.save" Button
    t =    57.05s     Wait for com.wangrenzhu.futureecho to idle
    t =    57.05s     Find the "outcome.save" Button
    t =    57.09s     Check for interrupting elements affecting "outcome.save" Button
    t =    57.12s     Synthesize event
    t =    57.41s     Wait for com.wangrenzhu.futureecho to idle
    t =    58.05s Waiting 5.0s for "Waiting made the choice clearer." StaticText to exist
    t =    59.09s     Checking `Expect predicate `existsNoRetry == 1` for object "Waiting made the choice clearer." StaticText`
    t =    59.09s         Checking existence of `"Waiting made the choice clearer." StaticText`
    t =    59.12s Tap "trail.outcome" Button
    t =    59.12s     Wait for com.wangrenzhu.futureecho to idle
    t =    59.12s     Find the "trail.outcome" Button
    t =    59.14s     Check for interrupting elements affecting "trail.outcome" Button
    t =    59.16s     Synthesize event
    t =    59.45s     Wait for com.wangrenzhu.futureecho to idle
    t =    60.14s Tap "outcome.delete" Button
    t =    60.14s     Wait for com.wangrenzhu.futureecho to idle
    t =    60.14s     Find the "outcome.delete" Button
    t =    60.18s     Check for interrupting elements affecting "outcome.delete" Button
    t =    60.21s     Synthesize event
    t =    60.50s     Wait for com.wangrenzhu.futureecho to idle
    t =    60.80s Tap "Cancel" Button
    t =    60.80s     Wait for com.wangrenzhu.futureecho to idle
    t =    60.81s     Find the "Cancel" Button
    t =    60.85s     Check for interrupting elements affecting "Cancel" Button
    t =    60.89s     Synthesize event
    t =    61.17s     Wait for com.wangrenzhu.futureecho to idle
    t =    61.42s Checking existence of `"outcome.delete" Button`
    t =    61.44s Tap "outcome.delete" Button
    t =    61.44s     Wait for com.wangrenzhu.futureecho to idle
    t =    61.45s     Find the "outcome.delete" Button
    t =    61.47s     Check for interrupting elements affecting "outcome.delete" Button
    t =    61.49s     Synthesize event
    t =    61.78s     Wait for com.wangrenzhu.futureecho to idle
    t =    62.04s Tap "Delete" Button
    t =    62.04s     Wait for com.wangrenzhu.futureecho to idle
    t =    62.05s     Find the "Delete" Button
    t =    62.09s     Check for interrupting elements affecting "Delete" Button
    t =    62.12s     Synthesize event
    t =    62.41s     Wait for com.wangrenzhu.futureecho to idle
    t =    62.65s Waiting 5.0s for "trail.empty" Any to exist
    t =    63.71s     Checking `Expect predicate `existsNoRetry == 1` for object "trail.empty" Any`
    t =    63.71s         Checking existence of `"trail.empty" Any`
    t =    63.73s Tear Down
Test Case '-[FutureEchoUITests.BaselineUITests testPromisePauseWaitRevisitTrailAndDeletionSurviveRelaunch]' passed (64.329 seconds).
Test Suite 'BaselineUITests' passed at 2026-07-10 21:01:29.281.
	 Executed 1 test, with 0 failures (0 unexpected) in 64.329 (64.330) seconds
Test Suite 'FutureEchoUITests.xctest' passed at 2026-07-10 21:01:29.281.
	 Executed 1 test, with 0 failures (0 unexpected) in 64.329 (64.331) seconds
Test Suite 'Selected tests' passed at 2026-07-10 21:01:29.282.
	 Executed 1 test, with 0 failures (0 unexpected) in 64.329 (64.331) seconds
2026-07-10 21:01:29.621 xcodebuild[16450:332795225] [MT] IDETestOperationsObserverDebug: 66.445 elapsed -- Testing started completed.
2026-07-10 21:01:29.621 xcodebuild[16450:332795225] [MT] IDETestOperationsObserverDebug: 0.000 sec, +0.000 sec -- start
2026-07-10 21:01:29.621 xcodebuild[16450:332795225] [MT] IDETestOperationsObserverDebug: 66.445 sec, +66.445 sec -- end

Test session results, code coverage, and logs:
	/tmp/future-echo-ui-derived/Logs/Test/Test-FutureEcho-2026.07.10_21-00-21-+0800.xcresult

** TEST SUCCEEDED **

Testing started
