Command line invocation:
    /Applications/Xcode.app/Contents/Developer/usr/bin/xcodebuild -project FutureEcho.xcodeproj -scheme FutureEcho -destination "platform=iOS Simulator,id=93FD8455-C95F-4F7F-ABB3-0EA67A6E43EA" -derivedDataPath /tmp/future-echo-ui-derived CODE_SIGNING_ALLOWED=NO "-only-testing:FutureEchoUITests/BaselineUITests/testPrivacyPremiumAndRecoverablePersistenceFailureAreVisible" test

Build settings from command line:
    CODE_SIGNING_ALLOWED = NO

ComputePackagePrebuildTargetDependencyGraph

Prepare packages

CreateBuildRequest

SendProjectDescription

CreateBuildOperation

ComputeTargetDependencyGraph
note: Building targets in dependency order
note: Target dependency graph (3 targets)
    Target 'FutureEchoUITests' in project 'FutureEcho'
        ➜ Explicit dependency on target 'FutureEcho' in project 'FutureEcho'
    Target 'FutureEchoTests' in project 'FutureEcho'
        ➜ Explicit dependency on target 'FutureEcho' in project 'FutureEcho'
    Target 'FutureEcho' in project 'FutureEcho' (no dependencies)

GatherProvisioningInputs

CreateBuildDescription

ClangStatCache /Applications/Xcode.app/Contents/Developer/Toolchains/XcodeDefault.xctoolchain/usr/bin/clang-stat-cache /Applications/Xcode.app/Contents/Developer/Platforms/iPhoneSimulator.platform/Developer/SDKs/iPhoneSimulator26.5.sdk /tmp/future-echo-ui-derived/SDKStatCaches.noindex/iphonesimulator26.5-23F81a-6cfe768891a92b912361537c460fe42b.sdkstatcache
    cd /Users/wangrenzhu/work/future-echo-ios/FutureEcho.xcodeproj
    /Applications/Xcode.app/Contents/Developer/Toolchains/XcodeDefault.xctoolchain/usr/bin/clang-stat-cache /Applications/Xcode.app/Contents/Developer/Platforms/iPhoneSimulator.platform/Developer/SDKs/iPhoneSimulator26.5.sdk -o /tmp/future-echo-ui-derived/SDKStatCaches.noindex/iphonesimulator26.5-23F81a-6cfe768891a92b912361537c460fe42b.sdkstatcache

2026-07-10 21:01:40.464332+0800 FutureEchoUITests-Runner[27983:332810788] [Default] Running tests...
    t =      nans Interface orientation changed to Portrait
Test Suite 'Selected tests' started at 2026-07-10 21:01:40.926.
Test Suite 'FutureEchoUITests.xctest' started at 2026-07-10 21:01:40.926.
Test Suite 'BaselineUITests' started at 2026-07-10 21:01:40.926.
Test Case '-[FutureEchoUITests.BaselineUITests testPrivacyPremiumAndRecoverablePersistenceFailureAreVisible]' started.
    t =     0.00s Start Test at 2026-07-10 21:01:40.927
    t =     0.02s Set Up
    t =     0.02s Open com.wangrenzhu.futureecho
    t =     0.02s     Launch com.wangrenzhu.futureecho
2026-07-10 21:01:41.002 xcodebuild[27624:332810097] [MT] IDELaunchParametersSnapshot: The operation couldn’t be completed. (DebuggerLLDB.DebuggerVersionStore.StoreError error 0.)
2026-07-10 21:01:41.002 xcodebuild[27624:332810097] [MT] IDELaunchParametersSnapshot: no debugger version
objc[27983]: Class UIAccessibilityLoaderWebShared is implemented in both /Library/Developer/CoreSimulator/Volumes/iOS_23F77/Library/Developer/CoreSimulator/Profiles/Runtimes/iOS 26.5.simruntime/Contents/Resources/RuntimeRoot/System/Library/AccessibilityBundles/WebCore.axbundle/WebCore (0x10a444310) and /Library/Developer/CoreSimulator/Volumes/iOS_23F77/Library/Developer/CoreSimulator/Profiles/Runtimes/iOS 26.5.simruntime/Contents/Resources/RuntimeRoot/System/Library/AccessibilityBundles/WebKit.axbundle/WebKit (0x109ce8398). This may cause spurious casting failures and mysterious crashes. One of the duplicates must be removed or renamed.
    t =     0.69s         Setting up automation session
    t =     1.26s         Wait for com.wangrenzhu.futureecho to idle
    t =     2.57s Tap "horizon.createPromise" Button
    t =     2.57s     Wait for com.wangrenzhu.futureecho to idle
    t =     2.57s     Find the "horizon.createPromise" Button
    t =     2.65s     Check for interrupting elements affecting "horizon.createPromise" Button
    t =     2.66s     Synthesize event
    t =     2.95s     Wait for com.wangrenzhu.futureecho to idle
    t =     3.74s Waiting 5.0s for "field.promise-name" TextField to exist
    t =     4.81s     Checking `Expect predicate `existsNoRetry == 1` for object "field.promise-name" TextField`
    t =     4.81s         Checking existence of `"field.promise-name" TextField`
    t =     4.87s Tap "field.promise-name" TextField
    t =     4.87s     Wait for com.wangrenzhu.futureecho to idle
    t =     4.87s     Find the "field.promise-name" TextField
    t =     4.90s     Check for interrupting elements affecting "field.promise-name" TextField
    t =     4.92s     Synthesize event
    t =     5.21s     Wait for com.wangrenzhu.futureecho to idle
    t =     5.23s Find the "field.promise-name" TextField
    t =     5.28s Find the "field.promise-name" TextField
    t =     5.32s Type 'Emergency Cushion' into "field.promise-name" TextField
    t =     5.32s     Wait for com.wangrenzhu.futureecho to idle
    t =     5.32s     Find the "field.promise-name" TextField
    t =     5.36s     Check for interrupting elements affecting "field.promise-name" TextField
    t =     5.39s     Synthesize event
    t =     5.87s     Wait for com.wangrenzhu.futureecho to idle
    t =     6.23s Waiting 5.0s for "field.goal-amount" TextField to exist
    t =     7.30s     Checking `Expect predicate `existsNoRetry == 1` for object "field.goal-amount" TextField`
    t =     7.30s         Checking existence of `"field.goal-amount" TextField`
    t =     7.36s Tap "field.goal-amount" TextField
    t =     7.36s     Wait for com.wangrenzhu.futureecho to idle
    t =     7.36s     Find the "field.goal-amount" TextField
    t =     7.40s     Check for interrupting elements affecting "field.goal-amount" TextField
    t =     7.43s     Synthesize event
    t =     7.72s     Wait for com.wangrenzhu.futureecho to idle
    t =     8.41s Find the "field.goal-amount" TextField
    t =     8.46s Find the "field.goal-amount" TextField
    t =     8.49s Type '2000' into "field.goal-amount" TextField
    t =     8.49s     Wait for com.wangrenzhu.futureecho to idle
    t =     8.49s     Find the "field.goal-amount" TextField
    t =     8.52s     Check for interrupting elements affecting "field.goal-amount" TextField
    t =     8.55s     Synthesize event
    t =     8.82s     Wait for com.wangrenzhu.futureecho to idle
    t =     9.46s Waiting 5.0s for "field.currently-saved" TextField to exist
    t =    10.53s     Checking `Expect predicate `existsNoRetry == 1` for object "field.currently-saved" TextField`
    t =    10.53s         Checking existence of `"field.currently-saved" TextField`
    t =    10.58s Tap "field.currently-saved" TextField
    t =    10.58s     Wait for com.wangrenzhu.futureecho to idle
    t =    10.58s     Find the "field.currently-saved" TextField
    t =    10.62s     Check for interrupting elements affecting "field.currently-saved" TextField
    t =    10.65s     Synthesize event
    t =    10.94s     Wait for com.wangrenzhu.futureecho to idle
    t =    11.46s Find the "field.currently-saved" TextField
    t =    11.51s Find the "field.currently-saved" TextField
    t =    11.55s Type '640' into "field.currently-saved" TextField
    t =    11.55s     Wait for com.wangrenzhu.futureecho to idle
    t =    11.55s     Find the "field.currently-saved" TextField
    t =    11.58s     Check for interrupting elements affecting "field.currently-saved" TextField
    t =    11.61s     Synthesize event
    t =    11.86s     Wait for com.wangrenzhu.futureecho to idle
    t =    12.46s Waiting 5.0s for "field.planned-deposit-(optional)" TextField to exist
    t =    13.51s     Checking `Expect predicate `existsNoRetry == 1` for object "field.planned-deposit-(optional)" TextField`
    t =    13.51s         Checking existence of `"field.planned-deposit-(optional)" TextField`
    t =    13.56s Tap "field.planned-deposit-(optional)" TextField
    t =    13.56s     Wait for com.wangrenzhu.futureecho to idle
    t =    13.56s     Find the "field.planned-deposit-(optional)" TextField
    t =    13.60s     Check for interrupting elements affecting "field.planned-deposit-(optional)" TextField
    t =    13.62s     Synthesize event
    t =    13.91s     Wait for com.wangrenzhu.futureecho to idle
    t =    14.46s Find the "field.planned-deposit-(optional)" TextField
    t =    14.51s Find the "field.planned-deposit-(optional)" TextField
    t =    14.54s Type '32' into "field.planned-deposit-(optional)" TextField
    t =    14.54s     Wait for com.wangrenzhu.futureecho to idle
    t =    14.54s     Find the "field.planned-deposit-(optional)" TextField
    t =    14.57s     Check for interrupting elements affecting "field.planned-deposit-(optional)" TextField
    t =    14.60s     Synthesize event
    t =    14.83s     Wait for com.wangrenzhu.futureecho to idle
    t =    15.46s Tap "promise.save" Button
    t =    15.46s     Wait for com.wangrenzhu.futureecho to idle
    t =    15.46s     Find the "promise.save" Button
    t =    15.51s     Check for interrupting elements affecting "promise.save" Button
    t =    15.54s     Synthesize event
    t =    15.55s         Scroll element to visible
    t =    15.55s         Find the "promise.save" Button
    t =    15.59s         Computed hit point {201, 520.83332824707031} after scrolling to visible
    t =    15.87s     Wait for com.wangrenzhu.futureecho to idle
    t =    16.48s Waiting 5.0s for "horizon.newEcho" Button to exist
    t =    17.55s     Checking `Expect predicate `existsNoRetry == 1` for object "horizon.newEcho" Button`
    t =    17.55s         Checking existence of `"horizon.newEcho" Button`
    t =    17.59s Tap "Settings" Button
    t =    17.59s     Wait for com.wangrenzhu.futureecho to idle
    t =    17.59s     Find the "Settings" Button
    t =    17.61s     Check for interrupting elements affecting "gearshape" Button
    t =    17.63s     Synthesize event
    t =    17.92s     Wait for com.wangrenzhu.futureecho to idle
    t =    19.43s Tap "settings.privacy" Button
    t =    19.43s     Wait for com.wangrenzhu.futureecho to idle
    t =    19.44s     Find the "settings.privacy" Button
    t =    19.47s     Check for interrupting elements affecting "settings.privacy" Button
    t =    19.49s     Synthesize event
    t =    19.78s     Wait for com.wangrenzhu.futureecho to idle
    t =    20.50s Waiting 5.0s for "privacy.screen" Any to exist
    t =    21.57s     Checking `Expect predicate `existsNoRetry == 1` for object "privacy.screen" Any`
    t =    21.57s         Checking existence of `"privacy.screen" Any`
    t =    21.62s Checking existence of `"Future Echo does not connect to a bank or read account balances." StaticText`
    t =    21.65s Tap "Close" Button
    t =    21.65s     Wait for com.wangrenzhu.futureecho to idle
    t =    21.65s     Find the "Close" Button
    t =    21.67s     Check for interrupting elements affecting "Close" Button
    t =    21.70s     Synthesize event
    t =    21.99s     Wait for com.wangrenzhu.futureecho to idle
    t =    22.74s Tap "settings.future-echo-plus" Button
    t =    22.74s     Wait for com.wangrenzhu.futureecho to idle
    t =    22.75s     Find the "settings.future-echo-plus" Button
    t =    22.78s     Check for interrupting elements affecting "settings.future-echo-plus" Button
    t =    22.80s     Synthesize event
    t =    23.08s     Wait for com.wangrenzhu.futureecho to idle
    t =    23.74s Waiting 5.0s for "premium.screen" Any to exist
    t =    24.82s     Checking `Expect predicate `existsNoRetry == 1` for object "premium.screen" Any`
    t =    24.82s         Checking existence of `"premium.screen" Any`
    t =    24.86s Checking existence of `"premium.restore" Button`
    t =    24.89s Tap "Close" Button
    t =    24.89s     Wait for com.wangrenzhu.futureecho to idle
    t =    24.89s     Find the "Close" Button
    t =    24.92s     Check for interrupting elements affecting "Close" Button
    t =    24.94s     Synthesize event
    t =    25.23s     Wait for com.wangrenzhu.futureecho to idle
    t =    26.01s Terminate com.wangrenzhu.futureecho:28242
    t =    27.10s Open com.wangrenzhu.futureecho
    t =    27.10s     Launch com.wangrenzhu.futureecho
2026-07-10 21:02:08.033 xcodebuild[27624:332810097] [MT] IDELaunchParametersSnapshot: The operation couldn’t be completed. (DebuggerLLDB.DebuggerVersionStore.StoreError error 0.)
2026-07-10 21:02:08.033 xcodebuild[27624:332810097] [MT] IDELaunchParametersSnapshot: no debugger version
    t =    27.31s         Setting up automation session
    t =    28.29s         Wait for com.wangrenzhu.futureecho to idle
    t =    29.61s Tap "horizon.newEcho" Button
    t =    29.61s     Wait for com.wangrenzhu.futureecho to idle
    t =    29.61s     Find the "horizon.newEcho" Button
    t =    29.67s     Check for interrupting elements affecting "horizon.newEcho" Button
    t =    29.68s     Synthesize event
    t =    29.97s     Wait for com.wangrenzhu.futureecho to idle
    t =    30.74s Waiting 5.0s for "echo.amount" TextField to exist
    t =    31.80s     Checking `Expect predicate `existsNoRetry == 1` for object "echo.amount" TextField`
    t =    31.80s         Checking existence of `"echo.amount" TextField`
    t =    31.85s Tap "echo.amount" TextField
    t =    31.85s     Wait for com.wangrenzhu.futureecho to idle
    t =    31.85s     Find the "echo.amount" TextField
    t =    31.88s     Check for interrupting elements affecting "echo.amount" TextField
    t =    31.91s     Synthesize event
    t =    32.20s     Wait for com.wangrenzhu.futureecho to idle
    t =    32.20s Find the "echo.amount" TextField
    t =    32.24s Find the "echo.amount" TextField
    t =    32.27s Type '128' into "echo.amount" TextField
    t =    32.27s     Wait for com.wangrenzhu.futureecho to idle
    t =    32.27s     Find the "echo.amount" TextField
    t =    32.30s     Check for interrupting elements affecting "echo.amount" TextField
    t =    32.33s     Synthesize event
    t =    32.58s     Wait for com.wangrenzhu.futureecho to idle
    t =    33.16s Tap "echo.enterPause" Button
    t =    33.16s     Wait for com.wangrenzhu.futureecho to idle
    t =    33.16s     Find the "echo.enterPause" Button
    t =    33.21s     Check for interrupting elements affecting "echo.enterPause" Button
    t =    33.25s     Synthesize event
    t =    33.25s         Scroll element to visible
    t =    33.26s         Find the "echo.enterPause" Button
    t =    33.30s         Computed hit point {201, 520.83332824707031} after scrolling to visible
    t =    33.58s     Wait for com.wangrenzhu.futureecho to idle
    t =    34.16s Tap "pause.skip" Button
    t =    34.16s     Wait for com.wangrenzhu.futureecho to idle
    t =    34.16s     Find the "pause.skip" Button
    t =    34.20s     Check for interrupting elements affecting "pause.skip" Button
    t =    34.23s     Synthesize event
    t =    34.52s     Wait for com.wangrenzhu.futureecho to idle
    t =    34.52s Tap "decision.skip-purchase" Button
    t =    34.52s     Wait for com.wangrenzhu.futureecho to idle
    t =    34.52s     Find the "decision.skip-purchase" Button
    t =    34.55s     Check for interrupting elements affecting "decision.skip-purchase" Button
    t =    34.58s     Synthesize event
    t =    34.87s     Wait for com.wangrenzhu.futureecho to idle
    t =    34.87s Waiting 5.0s for "decision.retry" Button to exist
    t =    35.90s     Checking `Expect predicate `existsNoRetry == 1` for object "decision.retry" Button`
    t =    35.90s         Checking existence of `"decision.retry" Button`
    t =    35.95s Checking existence of `"decision.saveLater" Button`
    t =    35.98s Checking existence of `"Couldn't save your decision. Try again or choose Save Later." StaticText`
    t =    36.01s Tear Down
Test Case '-[FutureEchoUITests.BaselineUITests testPrivacyPremiumAndRecoverablePersistenceFailureAreVisible]' passed (36.545 seconds).
Test Suite 'BaselineUITests' passed at 2026-07-10 21:02:17.472.
	 Executed 1 test, with 0 failures (0 unexpected) in 36.545 (36.546) seconds
Test Suite 'FutureEchoUITests.xctest' passed at 2026-07-10 21:02:17.473.
	 Executed 1 test, with 0 failures (0 unexpected) in 36.545 (36.547) seconds
Test Suite 'Selected tests' passed at 2026-07-10 21:02:17.473.
	 Executed 1 test, with 0 failures (0 unexpected) in 36.545 (36.548) seconds
2026-07-10 21:02:17.799 xcodebuild[27624:332810097] [MT] IDETestOperationsObserverDebug: 38.413 elapsed -- Testing started completed.
2026-07-10 21:02:17.800 xcodebuild[27624:332810097] [MT] IDETestOperationsObserverDebug: 0.000 sec, +0.000 sec -- start
2026-07-10 21:02:17.800 xcodebuild[27624:332810097] [MT] IDETestOperationsObserverDebug: 38.413 sec, +38.413 sec -- end

Test session results, code coverage, and logs:
	/tmp/future-echo-ui-derived/Logs/Test/Test-FutureEcho-2026.07.10_21-01-38-+0800.xcresult

** TEST SUCCEEDED **

Testing started
